INFO:     Started server process [514]
INFO:     Waiting for application startup.
INFO:     Application startup complete.
INFO:     Uvicorn running on http://127.0.0.1:8003 (Press CTRL+C to quit)
2026-03-25 10:08:52 | INFO | app.main:lifespan:40 | 正在启动 智能渔场环境控制监测系统 v1.0.0

2026-03-25 10:08:52 | INFO | app.main:lifespan:41 | 运行环境: development

正在初始化数据库...
数据库初始化完成！
MQTT客户端连接失败: [Errno 111] Connection refused
应用将在没有MQTT的情况下继续运行
2026-03-25 10:08:52 | WARNING | app.main:lifespan:52 | MQTT客户端未连接

INFO:     127.0.0.1:59100 - "GET /health HTTP/1.1" 200 OK
ERROR:    Exception in ASGI application
Traceback (most recent call last):
  File "/home/node/.openclaw/workspace/fishfarm-system/backend/venv/lib/python3.11/site-packages/sqlalchemy/engine/base.py", line 1969, in _exec_single_context
    self.dialect.do_execute(
  File "/home/node/.openclaw/workspace/fishfarm-system/backend/venv/lib/python3.11/site-packages/sqlalchemy/engine/default.py", line 922, in do_execute
    cursor.execute(statement, parameters)
sqlite3.OperationalError: no such table: reminders

The above exception was the direct cause of the following exception:

Traceback (most recent call last):
  File "/home/node/.openclaw/workspace/fishfarm-system/backend/venv/lib/python3.11/site-packages/starlette/middleware/errors.py", line 162, in __call__
    await self.app(scope, receive, _send)
  File "/home/node/.openclaw/workspace/fishfarm-system/backend/venv/lib/python3.11/site-packages/starlette/middleware/cors.py", line 83, in __call__
    await self.app(scope, receive, send)
  File "/home/node/.openclaw/workspace/fishfarm-system/backend/venv/lib/python3.11/site-packages/starlette/middleware/exceptions.py", line 79, in __call__
    raise exc
  File "/home/node/.openclaw/workspace/fishfarm-system/backend/venv/lib/python3.11/site-packages/starlette/middleware/exceptions.py", line 68, in __call__
    await self.app(scope, receive, sender)
  File "/home/node/.openclaw/workspace/fishfarm-system/backend/venv/lib/python3.11/site-packages/fastapi/middleware/asyncexitstack.py", line 20, in __call__
    raise e
  File "/home/node/.openclaw/workspace/fishfarm-system/backend/venv/lib/python3.11/site-packages/fastapi/middleware/asyncexitstack.py", line 17, in __call__
    await self.app(scope, receive, send)
  File "/home/node/.openclaw/workspace/fishfarm-system/backend/venv/lib/python3.11/site-packages/starlette/routing.py", line 718, in __call__
    await route.handle(scope, receive, send)
  File "/home/node/.openclaw/workspace/fishfarm-system/backend/venv/lib/python3.11/site-packages/starlette/routing.py", line 276, in handle
    await self.app(scope, receive, send)
  File "/home/node/.openclaw/workspace/fishfarm-system/backend/venv/lib/python3.11/site-packages/starlette/routing.py", line 66, in app
    response = await func(request)
               ^^^^^^^^^^^^^^^^^^^
  File "/home/node/.openclaw/workspace/fishfarm-system/backend/venv/lib/python3.11/site-packages/fastapi/routing.py", line 274, in app
    raw_response = await run_endpoint_function(
                   ^^^^^^^^^^^^^^^^^^^^^^^^^^^^
  File "/home/node/.openclaw/workspace/fishfarm-system/backend/venv/lib/python3.11/site-packages/fastapi/routing.py", line 193, in run_endpoint_function
    return await run_in_threadpool(dependant.call, **values)
           ^^^^^^^^^^^^^^^^^^^^^^^^^^^^^^^^^^^^^^^^^^^^^^^^^
  File "/home/node/.openclaw/workspace/fishfarm-system/backend/venv/lib/python3.11/site-packages/starlette/concurrency.py", line 41, in run_in_threadpool
    return await anyio.to_thread.run_sync(func, *args)
           ^^^^^^^^^^^^^^^^^^^^^^^^^^^^^^^^^^^^^^^^^^^
  File "/home/node/.openclaw/workspace/fishfarm-system/backend/venv/lib/python3.11/site-packages/anyio/to_thread.py", line 33, in run_sync
    return await get_asynclib().run_sync_in_worker_thread(
           ^^^^^^^^^^^^^^^^^^^^^^^^^^^^^^^^^^^^^^^^^^^^^^^
  File "/home/node/.openclaw/workspace/fishfarm-system/backend/venv/lib/python3.11/site-packages/anyio/_backends/_asyncio.py", line 877, in run_sync_in_worker_thread
    return await future
           ^^^^^^^^^^^^
  File "/home/node/.openclaw/workspace/fishfarm-system/backend/venv/lib/python3.11/site-packages/anyio/_backends/_asyncio.py", line 807, in run
    result = context.run(func, *args)
             ^^^^^^^^^^^^^^^^^^^^^^^^
  File "/home/node/.openclaw/workspace/fishfarm-system/backend/app/api/reminder_api.py", line 52, in get_reminders
    reminders = query.order_by(Reminder.reminder_time.asc()).all()
                ^^^^^^^^^^^^^^^^^^^^^^^^^^^^^^^^^^^^^^^^^^^^^^^^^^
  File "/home/node/.openclaw/workspace/fishfarm-system/backend/venv/lib/python3.11/site-packages/sqlalchemy/orm/query.py", line 2693, in all
    return self._iter().all()  # type: ignore
           ^^^^^^^^^^^^
  File "/home/node/.openclaw/workspace/fishfarm-system/backend/venv/lib/python3.11/site-packages/sqlalchemy/orm/query.py", line 2847, in _iter
    result: Union[ScalarResult[_T], Result[_T]] = self.session.execute(
                                                  ^^^^^^^^^^^^^^^^^^^^^
  File "/home/node/.openclaw/workspace/fishfarm-system/backend/venv/lib/python3.11/site-packages/sqlalchemy/orm/session.py", line 2308, in execute
    return self._execute_internal(
           ^^^^^^^^^^^^^^^^^^^^^^^
  File "/home/node/.openclaw/workspace/fishfarm-system/backend/venv/lib/python3.11/site-packages/sqlalchemy/orm/session.py", line 2190, in _execute_internal
    result: Result[Any] = compile_state_cls.orm_execute_statement(
                          ^^^^^^^^^^^^^^^^^^^^^^^^^^^^^^^^^^^^^^^^
  File "/home/node/.openclaw/workspace/fishfarm-system/backend/venv/lib/python3.11/site-packages/sqlalchemy/orm/context.py", line 293, in orm_execute_statement
    result = conn.execute(
             ^^^^^^^^^^^^^
  File "/home/node/.openclaw/workspace/fishfarm-system/backend/venv/lib/python3.11/site-packages/sqlalchemy/engine/base.py", line 1416, in execute
    return meth(
           ^^^^^
  File "/home/node/.openclaw/workspace/fishfarm-system/backend/venv/lib/python3.11/site-packages/sqlalchemy/sql/elements.py", line 516, in _execute_on_connection
    return connection._execute_clauseelement(
           ^^^^^^^^^^^^^^^^^^^^^^^^^^^^^^^^^^
  File "/home/node/.openclaw/workspace/fishfarm-system/backend/venv/lib/python3.11/site-packages/sqlalchemy/engine/base.py", line 1639, in _execute_clauseelement
    ret = self._execute_context(
          ^^^^^^^^^^^^^^^^^^^^^^
  File "/home/node/.openclaw/workspace/fishfarm-system/backend/venv/lib/python3.11/site-packages/sqlalchemy/engine/base.py", line 1848, in _execute_context
    return self._exec_single_context(
           ^^^^^^^^^^^^^^^^^^^^^^^^^^
  File "/home/node/.openclaw/workspace/fishfarm-system/backend/venv/lib/python3.11/site-packages/sqlalchemy/engine/base.py", line 1988, in _exec_single_context
    self._handle_dbapi_exception(
  File "/home/node/.openclaw/workspace/fishfarm-system/backend/venv/lib/python3.11/site-packages/sqlalchemy/engine/base.py", line 2343, in _handle_dbapi_exception
    raise sqlalchemy_exception.with_traceback(exc_info[2]) from e
  File "/home/node/.openclaw/workspace/fishfarm-system/backend/venv/lib/python3.11/site-packages/sqlalchemy/engine/base.py", line 1969, in _exec_single_context
    self.dialect.do_execute(
  File "/home/node/.openclaw/workspace/fishfarm-system/backend/venv/lib/python3.11/site-packages/sqlalchemy/engine/default.py", line 922, in do_execute
    cursor.execute(statement, parameters)
sqlalchemy.exc.OperationalError: (sqlite3.OperationalError) no such table: reminders
[SQL: SELECT reminders.id AS reminders_id, reminders.title AS reminders_title, reminders.content AS reminders_content, reminders.reminder_time AS reminders_reminder_time, reminders.is_completed AS reminders_is_completed, reminders.completed_at AS reminders_completed_at, reminders.created_at AS reminders_created_at, reminders.updated_at AS reminders_updated_at 
FROM reminders 
WHERE reminders.is_completed = ? ORDER BY reminders.reminder_time ASC]
[parameters: (0,)]
(Background on this error at: https://sqlalche.me/e/20/e3q8)

During handling of the above exception, another exception occurred:

Traceback (most recent call last):
  File "/home/node/.openclaw/workspace/fishfarm-system/backend/venv/lib/python3.11/site-packages/uvicorn/protocols/http/httptools_impl.py", line 426, in run_asgi
    result = await app(  # type: ignore[func-returns-value]
             ^^^^^^^^^^^^^^^^^^^^^^^^^^^^^^^^^^^^^^^^^^^^^^
  File "/home/node/.openclaw/workspace/fishfarm-system/backend/venv/lib/python3.11/site-packages/uvicorn/middleware/proxy_headers.py", line 84, in __call__
    return await self.app(scope, receive, send)
           ^^^^^^^^^^^^^^^^^^^^^^^^^^^^^^^^^^^^
  File "/home/node/.openclaw/workspace/fishfarm-system/backend/venv/lib/python3.11/site-packages/fastapi/applications.py", line 1106, in __call__
    await super().__call__(scope, receive, send)
  File "/home/node/.openclaw/workspace/fishfarm-system/backend/venv/lib/python3.11/site-packages/starlette/applications.py", line 122, in __call__
    await self.middleware_stack(scope, receive, send)
  File "/home/node/.openclaw/workspace/fishfarm-system/backend/venv/lib/python3.11/site-packages/starlette/middleware/errors.py", line 179, in __call__
    await response(scope, receive, send)
          ^^^^^^^^^^^^^^^^^^^^^^^^^^^^^^
TypeError: 'dict' object is not callable
2026-03-25 10:09:25 | ERROR | app.main:global_exception_handler:109 | 未处理的异常: (sqlite3.OperationalError) no such table: reminders
[SQL: SELECT reminders.id AS reminders_id, reminders.title AS reminders_title, reminders.content AS reminders_content, reminders.reminder_time AS reminders_reminder_time, reminders.is_completed AS reminders_is_completed, reminders.completed_at AS reminders_completed_at, reminders.created_at AS reminders_created_at, reminders.updated_at AS reminders_updated_at 
FROM reminders 
WHERE reminders.is_completed = ? ORDER BY reminders.reminder_time ASC]
[parameters: (0,)]
(Background on this error at: https://sqlalche.me/e/20/e3q8)

INFO:     127.0.0.1:60756 - "GET /api/reminders HTTP/1.1" 500 Internal Server Error
INFO:     127.0.0.1:42298 - "GET /docs HTTP/1.1" 200 OK
INFO:     127.0.0.1:45016 - "POST /api/reminders HTTP/1.1" 422 Unprocessable Entity
INFO:     127.0.0.1:55500 - "GET /health HTTP/1.1" 200 OK
INFO:     127.0.0.1:55506 - "POST /api/reminders HTTP/1.1" 422 Unprocessable Entity
INFO:     127.0.0.1:37676 - "GET /health HTTP/1.1" 200 OK
INFO:     127.0.0.1:33114 - "POST /api/reminders HTTP/1.1" 422 Unprocessable Entity
INFO:     Shutting down
INFO:     Waiting for application shutdown.
INFO:     Application shutdown complete.
INFO:     Finished server process [514]
2026-03-25 10:15:51 | INFO | app.main:lifespan:57 | 正在关闭应用

2026-03-25 10:15:51 | INFO | app.main:lifespan:59 | 应用已关闭

